Configure OBKeys HDPL1-DA config area
[36m[01m      -------------------------------------------------------------------
[39;49m[0m[36m[01m                        STM32CubeProgrammer v2.23.0                  
[39;49m[0m[36m[01m      -------------------------------------------------------------------

[39;49m[0m[90mST-LINK SN  : 002300254142501220353451
[39;49m[0m[90mST-LINK FW  : V3J17M11
[39;49m[0m[90mBoard       : NUCLEO-H563ZI
[39;49m[0m[90mVoltage     : 3.29V
[39;49m[0m[90mSWD freq    : 8000 KHz
[39;49m[0m[90mConnect mode: Hot Plug
[39;49m[0m[90mReset mode  : Software reset
[39;49m[0m[90mDevice ID   : 0x484
[39;49m[0m[39;49m[0m[90mRevision ID : Rev X
[39;49m[0m[39;49m[0m[39;49m[0m[39;49m[0m[39;49m[0m[39;49m[0m[39;49m[0m[39;49m[0m[39;49m[0m[39;49m[0m[39;49m[0m[39;49m[0m[39;49m[0m[39;49mDevice name : STM32H56x/573
[39;49m[0m[39;49mNVM size    : 2 MBytes
[39;49m[0m[39;49mDevice type : MCU
[39;49m[0m[39;49mDevice CPU  : Cortex-M33
[39;49m[0m[39;49m[0m[39;49m[0m[39;49m[0m[39;49m[0m[39;49m[0m[39;49m[0m[39;49m[0m[39;49m[0m[39;49m[0m[39;49m[0m[39;49m[0m[39;49m[0m[39;49m[0m[39;49m[0m[39;49m[0m[39;49m[0m[39;49m[0m[39;49m[0m[39;49m[0m[39;49m[0m[39;49m[0m[39;49m[0m[39;49m[0m[39;49m[0m[39;49m[0m[39;49m[0m[39;49m[0m[39;49m[0m[39;49m[0m[39;49m[0m[39;49m[0m[39;49m[0m[39;49m[0m[39;49m[0m[39;49m[0m[39;49m[0m[39;49m[0m[39;49m[0m[39;49m[0m[39;49m[0m[39;49m[0m[39;49m[0m[39;49m[0m[39;49m[0m[39;49m[0m[39;49m[0m[39;49m[0m[39;49m[0m[39;49m[0m[39;49m[0m[39;49mBL Version  : 0x0
[39;49m[0m[39;49m[0m[39;49m[0m[39;49m[0m[39;49m[0m[39;49m[0m[39;49m[0m[39;49m[0m[39;49m[0m[39;49m[0m[39;49m[0m[39;49m[0m[39;49m[0m[39;49m[0m[39;49m[0m[39;49m[0m[39;49m[0m[39;49m[0m[39;49m[0m[39;49m[0m[39;49m[0m[39;49m[0m[39;49m[0m[39;49m[0m[39;49m[0m[39;49m[0m[39;49m[0m[39;49m[0m[39;49m[0m[39;49m[0m[39;49m[0m[39;49m[0m[39;49m[0m[39;49m[0m[39;49m[0m[39;49m[0m[39;49m[0m[39;49m[0m[39;49m[0m[39;49m[0m[39;49m[0m[39;49m[0m[39;49m[0m[39;49m[0m[39;49m[0m[39;49m[0m[39;49m[0m[39;49m[0m[39;49m[0m[39;49m[0m[39;49m[0m[39;49m[0m[39;49mSFSP Version: v0.0.0
[39;49m[0m[39;49m[0m[39;49m[0m[39;49mDebug in Low Power mode enabled
[39;49m[0m[39;49m
[39;49m[0m[39;49m[0m[00;32m
Hard reset is performed
[39;49m[0m[39;49m[0m[36m[01m      -------------------------------------------------------------------
[39;49m[0m[36m[01m                        STM32CubeProgrammer v2.23.0                  
[39;49m[0m[36m[01m      -------------------------------------------------------------------

[39;49m[0m[90mST-LINK SN  : 002300254142501220353451
[39;49m[0m[90mST-LINK FW  : V3J17M11
[39;49m[0m[90mBoard       : NUCLEO-H563ZI
[39;49m[0m[90mVoltage     : 3.29V
[39;49m[0m[90mSWD freq    : 8000 KHz
[39;49m[0m[90mConnect mode: Hot Plug
[39;49m[0m[90mReset mode  : Software reset
[39;49m[0m[90mDevice ID   : 0x484
[39;49m[0m[39;49m[0m[90mRevision ID : Rev X
[39;49m[0m[39;49m[0m[39;49m[0m[39;49m[0m[39;49m[0m[39;49m[0m[39;49m[0m[39;49m[0m[39;49m[0m[39;49m[0m[39;49m[0m[39;49m[0m[39;49m[0m[39;49mDevice name : STM32H56x/573
[39;49m[0m[39;49mNVM size    : 2 MBytes
[39;49m[0m[39;49mDevice type : MCU
[39;49m[0m[39;49mDevice CPU  : Cortex-M33
[39;49m[0m[39;49m[0m[39;49m[0m[39;49m[0m[39;49m[0m[39;49m[0m[39;49m[0m[39;49m[0m[39;49m[0m[39;49m[0m[39;49m[0m[39;49m[0m[39;49m[0m[39;49m[0m[39;49m[0m[39;49m[0m[39;49m[0m[39;49m[0m[39;49m[0m[39;49m[0m[39;49m[0m[39;49m[0m[39;49m[0m[39;49m[0m[39;49m[0m[39;49m[0m[39;49m[0m[39;49m[0m[39;49m[0m[39;49m[0m[39;49m[0m[39;49m[0m[39;49m[0m[39;49m[0m[39;49m[0m[39;49m[0m[39;49m[0m[39;49m[0m[39;49m[0m[39;49m[0m[39;49m[0m[39;49m[0m[39;49m[0m[39;49m[0m[39;49m[0m[39;49m[0m[39;49m[0m[39;49m[0m[39;49m[0m[39;49m[0m[39;49m[0m[39;49m[0m[39;49mBL Version  : 0xE4
[39;49m[0m[39;49m[0m[39;49m[0m[39;49m[0m[39;49m[0m[39;49m[0m[39;49m[0m[39;49m[0m[39;49m[0m[39;49m[0m[39;49m[0m[39;49m[0m[39;49m[0m[39;49m[0m[39;49m[0m[39;49m[0m[39;49m[0m[39;49m[0m[39;49m[0m[39;49m[0m[39;49m[0m[39;49m[0m[39;49m[0m[39;49m[0m[39;49m[0m[39;49m[0m[39;49m[0m[39;49m[0m[39;49m[0m[39;49m[0m[39;49m[0m[39;49m[0m[39;49m[0m[39;49m[0m[39;49m[0m[39;49m[0m[39;49m[0m[39;49m[0m[39;49m[0m[39;49m[0m[39;49m[0m[39;49m[0m[39;49m[0m[39;49m[0m[39;49m[0m[39;49m[0m[39;49m[0m[39;49m[0m[39;49m[0m[39;49m[0m[39;49m[0m[39;49m[0m[39;49m[0m[39;49mSFSP Version: v2.5.0
[39;49m[0m[39;49m[0m[39;49m[0m[39;49mDebug in Low Power mode enabled
[39;49m[0m[39;49m
[39;49m[0m[39;49m[0m[39;49m[0m[39;49m

[39;49m[0m[39;49mReconnecting...
[39;49m[0m[39;49m[0m[90mST-LINK SN  : 002300254142501220353451
[39;49m[0m[90mST-LINK FW  : V3J17M11
[39;49m[0m[90mBoard       : NUCLEO-H563ZI
[39;49m[0m[90mVoltage     : 3.29V
[39;49m[0m[90mSWD freq    : 8000 KHz
[39;49m[0m[90mConnect mode: Hot Plug
[39;49m[0m[90mReset mode  : Software reset
[39;49m[0m[90mDevice ID   : 0x484
[39;49m[0m[39;49m[0m[90mRevision ID : Rev X
[39;49m[0m[39;49m[0m[39;49m[0m[39;49m[0m[39;36mSecure Data Provisioning Start. OBK Input file : ../DA/Binary/DA_Config.obk
[39;49m[0m[39;49m[0m[39;49m[0m[39;49m[0m[39;49m[0m[39;49m[0m[39;49m[0m[39;49m[0m[39;49m[0m[39;49m[0m[39;49m[0m[39;49m[0m[39;49m[0m[39;49m[0m[39;49m[0m[39;49m[0m[39;49m[0m[39;49m[0m[39;49m[0m[39;49m[0m[39;49m[0m[39;49m[0m[39;49m[0m[39;49m[0m[39;49m[0m[39;49m[0m[39;49m[0m[39;49m[0m[39;49m[0m[39;49m[0m[39;49m[0m[39;49m[0m[39;49m[0m[39;49m[0m[39;49m[0m[39;49m[0m[39;49m[0m[39;49m[0m[39;49m[0m[39;49m[0m[39;49m[0m[39;49m[0m[39;49m[0m[39;49m[0m[39;49m[0m[39;49m[0m[39;49m[0m[39;49m[0m[39;49m[0m[39;49m[0m[39;49m[0m[39;49m[0m[39;49m[0m[39;49m[0m[39;49m[0m[39;49m[0m[39;49m[0m[39;49m[0m[39;49m[0m[39;49m[0m[39;49m[0m[39;49m[0m[39;49m[0m[39;49m[0m[39;49m[0m[39;49m[0m[39;49m[0m[39;49m[0m[39;49m[0m[39;49m[0m[39;49m[0m[39;49m[0m[39;49m[0m[39;49m[0m[39;49m[0m[39;49m[0m[39;49m[0m[39;49m[0m[00;32m[==================================================] 100% [39;49mOBKey Provisioned successfully
[00;32m[39;49m[0m[39;49m[0mConfigure OBKeys HDPL1-OEM-iRoT config area
[36m[01m      -------------------------------------------------------------------
[39;49m[0m[36m[01m                        STM32CubeProgrammer v2.23.0                  
[39;49m[0m[36m[01m      -------------------------------------------------------------------

[39;49m[0m[90mST-LINK SN  : 002300254142501220353451
[39;49m[0m[90mST-LINK FW  : V3J17M11
[39;49m[0m[90mBoard       : NUCLEO-H563ZI
[39;49m[0m[90mVoltage     : 3.29V
[39;49m[0m[90mSWD freq    : 8000 KHz
[39;49m[0m[90mConnect mode: Hot Plug
[39;49m[0m[90mReset mode  : Software reset
[39;49m[0m[90mDevice ID   : 0x484
[39;49m[0m[39;49m[0m[90mRevision ID : Rev X
[39;49m[0m[39;49m[0m[39;49m[0m[39;49m[0m[39;49m[0m[39;49m[0m[39;49m[0m[39;49m[0m[39;49m[0m[39;49m[0m[39;49m[0m[39;49m[0m[39;49m[0m[39;49mDevice name : STM32H56x/573
[39;49m[0m[39;49mNVM size    : 2 MBytes
[39;49m[0m[39;49mDevice type : MCU
[39;49m[0m[39;49mDevice CPU  : Cortex-M33
[39;49m[0m[39;49m[0m[39;49m[0m[39;49m[0m[39;49m[0m[39;49m[0m[39;49m[0m[39;49m[0m[39;49m[0m[39;49m[0m[39;49m[0m[39;49m[0m[39;49m[0m[39;49m[0m[39;49m[0m[39;49m[0m[39;49m[0m[39;49m[0m[39;49m[0m[39;49m[0m[39;49m[0m[39;49m[0m[39;49m[0m[39;49m[0m[39;49m[0m[39;49m[0m[39;49m[0m[39;49m[0m[39;49m[0m[39;49m[0m[39;49m[0m[39;49m[0m[39;49m[0m[39;49m[0m[39;49m[0m[39;49m[0m[39;49m[0m[39;49m[0m[39;49m[0m[39;49m[0m[39;49m[0m[39;49m[0m[39;49m[0m[39;49m[0m[39;49m[0m[39;49m[0m[39;49m[0m[39;49m[0m[39;49m[0m[39;49m[0m[39;49m[0m[39;49mBL Version  : 0xE4
[39;49m[0m[39;49m[0m[39;49m[0m[39;49m[0m[39;49m[0m[39;49m[0m[39;49m[0m[39;49m[0m[39;49m[0m[39;49m[0m[39;49m[0m[39;49m[0m[39;49m[0m[39;49m[0m[39;49m[0m[39;49m[0m[39;49m[0m[39;49m[0m[39;49m[0m[39;49m[0m[39;49m[0m[39;49m[0m[39;49m[0m[39;49m[0m[39;49m[0m[39;49m[0m[39;49m[0m[39;49m[0m[39;49m[0m[39;49m[0m[39;49m[0m[39;49m[0m[39;49m[0m[39;49m[0m[39;49m[0m[39;49m[0m[39;49m[0m[39;49m[0m[39;49m[0m[39;49m[0m[39;49m[0m[39;49m[0m[39;49m[0m[39;49m[0m[39;49m[0m[39;49m[0m[39;49m[0m[39;49m[0m[39;49m[0m[39;49m[0m[39;49m[0m[39;49m[0m[39;49mSFSP Version: v2.5.0
[39;49m[0m[39;49m[0m[39;49m[0m[39;49mDebug in Low Power mode enabled
[39;49m[0m[39;49m
[39;49m[0m[39;49m[0m[00;32m
Hard reset is performed
[39;49m[0m[39;49m[0m[36m[01m      -------------------------------------------------------------------
[39;49m[0m[36m[01m                        STM32CubeProgrammer v2.23.0                  
[39;49m[0m[36m[01m      -------------------------------------------------------------------

[39;49m[0m[90mST-LINK SN  : 002300254142501220353451
[39;49m[0m[90mST-LINK FW  : V3J17M11
[39;49m[0m[90mBoard       : NUCLEO-H563ZI
[39;49m[0m[90mVoltage     : 3.29V
[39;49m[0m[90mSWD freq    : 8000 KHz
[39;49m[0m[90mConnect mode: Hot Plug
[39;49m[0m[90mReset mode  : Software reset
[39;49m[0m[90mDevice ID   : 0x484
[39;49m[0m[39;49m[0m[90mRevision ID : Rev X
[39;49m[0m[39;49m[0m[39;49m[0m[39;49m[0m[39;49m[0m[39;49m[0m[39;49m[0m[39;49m[0m[39;49m[0m[39;49m[0m[39;49m[0m[39;49m[0m[39;49m[0m[39;49mDevice name : STM32H56x/573
[39;49m[0m[39;49mNVM size    : 2 MBytes
[39;49m[0m[39;49mDevice type : MCU
[39;49m[0m[39;49mDevice CPU  : Cortex-M33
[39;49m[0m[39;49m[0m[39;49m[0m[39;49m[0m[39;49m[0m[39;49m[0m[39;49m[0m[39;49m[0m[39;49m[0m[39;49m[0m[39;49m[0m[39;49m[0m[39;49m[0m[39;49m[0m[39;49m[0m[39;49m[0m[39;49m[0m[39;49m[0m[39;49m[0m[39;49m[0m[39;49m[0m[39;49m[0m[39;49m[0m[39;49m[0m[39;49m[0m[39;49m[0m[39;49m[0m[39;49m[0m[39;49m[0m[39;49m[0m[39;49m[0m[39;49m[0m[39;49m[0m[39;49m[0m[39;49m[0m[39;49m[0m[39;49m[0m[39;49m[0m[39;49m[0m[39;49m[0m[39;49m[0m[39;49m[0m[39;49m[0m[39;49m[0m[39;49m[0m[39;49m[0m[39;49m[0m[39;49m[0m[39;49m[0m[39;49m[0m[39;49m[0m[39;49m[0m[39;49mBL Version  : 0xE4
[39;49m[0m[39;49m[0m[39;49m[0m[39;49m[0m[39;49m[0m[39;49m[0m[39;49m[0m[39;49m[0m[39;49m[0m[39;49m[0m[39;49m[0m[39;49m[0m[39;49m[0m[39;49m[0m[39;49m[0m[39;49m[0m[39;49m[0m[39;49m[0m[39;49m[0m[39;49m[0m[39;49m[0m[39;49m[0m[39;49m[0m[39;49m[0m[39;49m[0m[39;49m[0m[39;49m[0m[39;49m[0m[39;49m[0m[39;49m[0m[39;49m[0m[39;49m[0m[39;49m[0m[39;49m[0m[39;49m[0m[39;49m[0m[39;49m[0m[39;49m[0m[39;49m[0m[39;49m[0m[39;49m[0m[39;49m[0m[39;49m[0m[39;49m[0m[39;49m[0m[39;49m[0m[39;49m[0m[39;49m[0m[39;49m[0m[39;49m[0m[39;49m[0m[39;49m[0m[39;49m[0m[39;49mSFSP Version: v2.5.0
[39;49m[0m[39;49m[0m[39;49m[0m[39;49mDebug in Low Power mode enabled
[39;49m[0m[39;49m
[39;49m[0m[39;49m[0m[39;49m[0m[39;49m

[39;49m[0m[39;49mReconnecting...
[39;49m[0m[39;49m[0m[90mST-LINK SN  : 002300254142501220353451
[39;49m[0m[90mST-LINK FW  : V3J17M11
[39;49m[0m[90mBoard       : NUCLEO-H563ZI
[39;49m[0m[90mVoltage     : 3.29V
[39;49m[0m[90mSWD freq    : 8000 KHz
[39;49m[0m[90mConnect mode: Hot Plug
[39;49m[0m[90mReset mode  : Software reset
[39;49m[0m[90mDevice ID   : 0x484
[39;49m[0m[39;49m[0m[90mRevision ID : Rev X
[39;49m[0m[39;49m[0m[39;49m[0m[39;49m[0m[39;36mSecure Data Provisioning Start. OBK Input file : Binary/OEMiRoT_Config.obk
[39;49m[0m[39;49m[0m[39;49m[0m[39;49m[0m[39;49m[0m[39;49m[0m[39;49m[0m[39;49m[0m[39;49m[0m[39;49m[0m[39;49m[0m[39;49m[0m[39;49m[0m[39;49m[0m[39;49m[0m[39;49m[0m[39;49m[0m[39;49m[0m[39;49m[0m[39;49m[0m[39;49m[0m[39;49m[0m[39;49m[0m[39;49m[0m[39;49m[0m[39;49m[0m[39;49m[0m[39;49m[0m[39;49m[0m[39;49m[0m[39;49m[0m[39;49m[0m[39;49m[0m[39;49m[0m[39;49m[0m[39;49m[0m[39;49m[0m[39;49m[0m[39;49m[0m[39;49m[0m[39;49m[0m[39;49m[0m[39;49m[0m[39;49m[0m[39;49m[0m[39;49m[0m[39;49m[0m[39;49m[0m[39;49m[0m[39;49m[0m[39;49m[0m[39;49m[0m[39;49m[0m[39;49m[0m[39;49m[0m[39;49m[0m[39;49m[0m[39;49m[0m[39;49m[0m[39;49m[0m[39;49m[0m[39;49m[0m[39;49m[0m[39;49m[0m[39;49m[0m[39;49m[0m[39;49m[0m[39;49m[0m[39;49m[0m[39;49m[0m[39;49m[0m[39;49m[0m[39;49m[0m[39;49m[0m[39;49m[0m[39;49m[0m[39;49m[0m[39;49m[0m[00;32m[==================================================] 100% [39;49mOBKey Provisioned successfully
[00;32m[39;49m[0m[39;49m[0mConfigure OBKeys HDPL1-OEM-iRoT data area
[36m[01m      -------------------------------------------------------------------
[39;49m[0m[36m[01m                        STM32CubeProgrammer v2.23.0                  
[39;49m[0m[36m[01m      -------------------------------------------------------------------

[39;49m[0m[90mST-LINK SN  : 002300254142501220353451
[39;49m[0m[90mST-LINK FW  : V3J17M11
[39;49m[0m[90mBoard       : NUCLEO-H563ZI
[39;49m[0m[90mVoltage     : 3.29V
[39;49m[0m[90mSWD freq    : 8000 KHz
[39;49m[0m[90mConnect mode: Hot Plug
[39;49m[0m[90mReset mode  : Software reset
[39;49m[0m[90mDevice ID   : 0x484
[39;49m[0m[39;49m[0m[90mRevision ID : Rev X
[39;49m[0m[39;49m[0m[39;49m[0m[39;49m[0m[39;49m[0m[39;49m[0m[39;49m[0m[39;49m[0m[39;49m[0m[39;49m[0m[39;49m[0m[39;49m[0m[39;49m[0m[39;49mDevice name : STM32H56x/573
[39;49m[0m[39;49mNVM size    : 2 MBytes
[39;49m[0m[39;49mDevice type : MCU
[39;49m[0m[39;49mDevice CPU  : Cortex-M33
[39;49m[0m[39;49m[0m[39;49m[0m[39;49m[0m[39;49m[0m[39;49m[0m[39;49m[0m[39;49m[0m[39;49m[0m[39;49m[0m[39;49m[0m[39;49m[0m[39;49m[0m[39;49m[0m[39;49m[0m[39;49m[0m[39;49m[0m[39;49m[0m[39;49m[0m[39;49m[0m[39;49m[0m[39;49m[0m[39;49m[0m[39;49m[0m[39;49m[0m[39;49m[0m[39;49m[0m[39;49m[0m[39;49m[0m[39;49m[0m[39;49m[0m[39;49m[0m[39;49m[0m[39;49m[0m[39;49m[0m[39;49m[0m[39;49m[0m[39;49m[0m[39;49m[0m[39;49m[0m[39;49m[0m[39;49m[0m[39;49m[0m[39;49m[0m[39;49m[0m[39;49m[0m[39;49m[0m[39;49m[0m[39;49m[0m[39;49m[0m[39;49m[0m[39;49mBL Version  : 0xE4
[39;49m[0m[39;49m[0m[39;49m[0m[39;49m[0m[39;49m[0m[39;49m[0m[39;49m[0m[39;49m[0m[39;49m[0m[39;49m[0m[39;49m[0m[39;49m[0m[39;49m[0m[39;49m[0m[39;49m[0m[39;49m[0m[39;49m[0m[39;49m[0m[39;49m[0m[39;49m[0m[39;49m[0m[39;49m[0m[39;49m[0m[39;49m[0m[39;49m[0m[39;49m[0m[39;49m[0m[39;49m[0m[39;49m[0m[39;49m[0m[39;49m[0m[39;49m[0m[39;49m[0m[39;49m[0m[39;49m[0m[39;49m[0m[39;49m[0m[39;49m[0m[39;49m[0m[39;49m[0m[39;49m[0m[39;49m[0m[39;49m[0m[39;49m[0m[39;49m[0m[39;49m[0m[39;49m[0m[39;49m[0m[39;49m[0m[39;49m[0m[39;49m[0m[39;49m[0m[39;49mSFSP Version: v2.5.0
[39;49m[0m[39;49m[0m[39;49m[0m[39;49mDebug in Low Power mode enabled
[39;49m[0m[39;49m
[39;49m[0m[39;49m[0m[00;32m
Hard reset is performed
[39;49m[0m[39;49m[0m[36m[01m      -------------------------------------------------------------------
[39;49m[0m[36m[01m                        STM32CubeProgrammer v2.23.0                  
[39;49m[0m[36m[01m      -------------------------------------------------------------------

[39;49m[0m[90mST-LINK SN  : 002300254142501220353451
[39;49m[0m[90mST-LINK FW  : V3J17M11
[39;49m[0m[90mBoard       : NUCLEO-H563ZI
[39;49m[0m[90mVoltage     : 3.29V
[39;49m[0m[90mSWD freq    : 8000 KHz
[39;49m[0m[90mConnect mode: Hot Plug
[39;49m[0m[90mReset mode  : Software reset
[39;49m[0m[90mDevice ID   : 0x484
[39;49m[0m[39;49m[0m[90mRevision ID : Rev X
[39;49m[0m[39;49m[0m[39;49m[0m[39;49m[0m[39;49m[0m[39;49m[0m[39;49m[0m[39;49m[0m[39;49m[0m[39;49m[0m[39;49m[0m[39;49m[0m[39;49m[0m[39;49mDevice name : STM32H56x/573
[39;49m[0m[39;49mNVM size    : 2 MBytes
[39;49m[0m[39;49mDevice type : MCU
[39;49m[0m[39;49mDevice CPU  : Cortex-M33
[39;49m[0m[39;49m[0m[39;49m[0m[39;49m[0m[39;49m[0m[39;49m[0m[39;49m[0m[39;49m[0m[39;49m[0m[39;49m[0m[39;49m[0m[39;49m[0m[39;49m[0m[39;49m[0m[39;49m[0m[39;49m[0m[39;49m[0m[39;49m[0m[39;49m[0m[39;49m[0m[39;49m[0m[39;49m[0m[39;49m[0m[39;49m[0m[39;49m[0m[39;49m[0m[39;49m[0m[39;49m[0m[39;49m[0m[39;49m[0m[39;49m[0m[39;49m[0m[39;49m[0m[39;49m[0m[39;49m[0m[39;49m[0m[39;49m[0m[39;49m[0m[39;49m[0m[39;49m[0m[39;49m[0m[39;49m[0m[39;49m[0m[39;49m[0m[39;49m[0m[39;49m[0m[39;49m[0m[39;49m[0m[39;49m[0m[39;49m[0m[39;49m[0m[39;49m[0m[39;49mBL Version  : 0xE4
[39;49m[0m[39;49m[0m[39;49m[0m[39;49m[0m[39;49m[0m[39;49m[0m[39;49m[0m[39;49m[0m[39;49m[0m[39;49m[0m[39;49m[0m[39;49m[0m[39;49m[0m[39;49m[0m[39;49m[0m[39;49m[0m[39;49m[0m[39;49m[0m[39;49m[0m[39;49m[0m[39;49m[0m[39;49m[0m[39;49m[0m[39;49m[0m[39;49m[0m[39;49m[0m[39;49m[0m[39;49m[0m[39;49m[0m[39;49m[0m[39;49m[0m[39;49m[0m[39;49m[0m[39;49m[0m[39;49m[0m[39;49m[0m[39;49m[0m[39;49m[0m[39;49m[0m[39;49m[0m[39;49m[0m[39;49m[0m[39;49m[0m[39;49m[0m[39;49m[0m[39;49m[0m[39;49m[0m[39;49m[0m[39;49m[0m[39;49m[0m[39;49m[0m[39;49m[0m[39;49m[0m[39;49mSFSP Version: v2.5.0
[39;49m[0m[39;49m[0m[39;49m[0m[39;49mDebug in Low Power mode enabled
[39;49m[0m[39;49m
[39;49m[0m[39;49m[0m[39;49m[0m[39;49m

[39;49m[0m[39;49mReconnecting...
[39;49m[0m[39;49m[0m[90mST-LINK SN  : 002300254142501220353451
[39;49m[0m[90mST-LINK FW  : V3J17M11
[39;49m[0m[90mBoard       : NUCLEO-H563ZI
[39;49m[0m[90mVoltage     : 3.29V
[39;49m[0m[90mSWD freq    : 8000 KHz
[39;49m[0m[90mConnect mode: Hot Plug
[39;49m[0m[90mReset mode  : Software reset
[39;49m[0m[90mDevice ID   : 0x484
[39;49m[0m[39;49m[0m[90mRevision ID : Rev X
[39;49m[0m[39;49m[0m[39;49m[0m[39;49m[0m[39;36mSecure Data Provisioning Start. OBK Input file : Binary/OEMiRoT_Data.obk
[39;49m[0m[39;49m[0m[39;49m[0m[39;49m[0m[39;49m[0m[39;49m[0m[39;49m[0m[39;49m[0m[39;49m[0m[39;49m[0m[39;49m[0m[39;49m[0m[39;49m[0m[39;49m[0m[39;49m[0m[39;49m[0m[39;49m[0m[39;49m[0m[39;49m[0m[39;49m[0m[39;49m[0m[39;49m[0m[39;49m[0m[39;49m[0m[39;49m[0m[39;49m[0m[39;49m[0m[39;49m[0m[39;49m[0m[39;49m[0m[39;49m[0m[39;49m[0m[39;49m[0m[39;49m[0m[39;49m[0m[39;49m[0m[39;49m[0m[39;49m[0m[39;49m[0m[39;49m[0m[39;49m[0m[39;49m[0m[39;49m[0m[39;49m[0m[39;49m[0m[39;49m[0m[39;49m[0m[39;49m[0m[39;49m[0m[39;49m[0m[39;49m[0m[39;49m[0m[39;49m[0m[39;49m[0m[39;49m[0m[39;49m[0m[39;49m[0m[39;49m[0m[39;49m[0m[39;49m[0m[39;49m[0m[39;49m[0m[39;49m[0m[39;49m[0m[39;49m[0m[39;49m[0m[39;49m[0m[39;49m[0m[39;49m[0m[39;49m[0m[39;49m[0m[39;49m[0m[39;49m[0m[39;49m[0m[39;49m[0m[39;49m[0m[39;49m[0m[39;49m[0m[00;32m[==================================================] 100% [39;49mOBKey Provisioned successfully
[00;32m[39;49m[0m[39;49m[0m[36m[01m      -------------------------------------------------------------------
[39;49m[0m[36m[01m                        STM32CubeProgrammer v2.23.0                  
[39;49m[0m[36m[01m      -------------------------------------------------------------------

[39;49m[0m[90mST-LINK SN  : 002300254142501220353451
[39;49m[0m[90mST-LINK FW  : V3J17M11
[39;49m[0m[90mBoard       : NUCLEO-H563ZI
[39;49m[0m[90mVoltage     : 3.29V
[39;49m[0m[90mSWD freq    : 8000 KHz
[39;49m[0m[90mConnect mode: Hot Plug
[39;49m[0m[90mReset mode  : Software reset
[39;49m[0m[90mDevice ID   : 0x484
[39;49m[0m[39;49m[0m[90mRevision ID : Rev X
[39;49m[0m[39;49m[0m[39;49m[0m[39;49m[0m[39;49m[0m[39;49m[0m[39;49m[0m[39;49m[0m[39;49m[0m[39;49m[0m[39;49m[0m[39;49m[0m[39;49m[0m[39;49mDevice name : STM32H56x/573
[39;49m[0m[39;49mNVM size    : 2 MBytes
[39;49m[0m[39;49mDevice type : MCU
[39;49m[0m[39;49mDevice CPU  : Cortex-M33
[39;49m[0m[39;49m[0m[39;49m[0m[39;49m[0m[39;49m[0m[39;49m[0m[39;49m[0m[39;49m[0m[39;49m[0m[39;49m[0m[39;49m[0m[39;49m[0m[39;49m[0m[39;49m[0m[39;49m[0m[39;49m[0m[39;49m[0m[39;49m[0m[39;49m[0m[39;49m[0m[39;49m[0m[39;49m[0m[39;49m[0m[39;49m[0m[39;49m[0m[39;49m[0m[39;49m[0m[39;49m[0m[39;49m[0m[39;49m[0m[39;49m[0m[39;49m[0m[39;49m[0m[39;49m[0m[39;49m[0m[39;49m[0m[39;49m[0m[39;49m[0m[39;49m[0m[39;49m[0m[39;49m[0m[39;49m[0m[39;49m[0m[39;49m[0m[39;49m[0m[39;49m[0m[39;49m[0m[39;49m[0m[39;49m[0m[39;49m[0m[39;49m[0m[39;49mBL Version  : 0xE4
[39;49m[0m[39;49m[0m[39;49m[0m[39;49m[0m[39;49m[0m[39;49m[0m[39;49m[0m[39;49m[0m[39;49m[0m[39;49m[0m[39;49m[0m[39;49m[0m[39;49m[0m[39;49m[0m[39;49m[0m[39;49m[0m[39;49m[0m[39;49m[0m[39;49m[0m[39;49m[0m[39;49m[0m[39;49m[0m[39;49m[0m[39;49m[0m[39;49m[0m[39;49m[0m[39;49m[0m[39;49m[0m[39;49m[0m[39;49m[0m[39;49m[0m[39;49m[0m[39;49m[0m[39;49m[0m[39;49m[0m[39;49m[0m[39;49m[0m[39;49m[0m[39;49m[0m[39;49m[0m[39;49m[0m[39;49m[0m[39;49m[0m[39;49m[0m[39;49m[0m[39;49m[0m[39;49m[0m[39;49m[0m[39;49m[0m[39;49m[0m[39;49m[0m[39;49m[0m[39;49mSFSP Version: v2.5.0
[39;49m[0m[39;49m[0m[39;49m[0m[39;49mDebug in Low Power mode enabled
[39;49m[0m[39;49m
[39;49m[0m[39;49m[0m[00;32m
Hard reset is performed
[39;49m[0m[39;49m[0mProvisioning success
