
Postbuild nonsecure image
Creating nonsecure image
Mon Aug 17 19:39:40 2026 : [INF] ############## Executing xmlval command ##############
Mon Aug 17 19:39:40 2026 : [INF] /home/rajas/workspace/OEMiROT/ROT_Provisioning/..//Utilities/PC_Software/ROT_AppliConfig/AppliCfg.py xmlval -v /home/rajas/workspace/OEMiROT/OEMiROT_App/Binary/rot_tz_ns_app.bin --string -n Firmware binary input file /home/rajas/workspace/OEMiROT/ROT_Provisioning/OEMiROT/Images/OEMiROT_NS_Code_Image.xml --vb
Mon Aug 17 19:39:40 2026 : [INF] Value to be used /home/rajas/workspace/OEMiROT/OEMiROT_App/Binary/rot_tz_ns_app.bin
Mon Aug 17 19:39:40 2026 : [INF] Opening the '/home/rajas/workspace/OEMiROT/ROT_Provisioning/OEMiROT/Images/OEMiROT_NS_Code_Image.xml' file
Mon Aug 17 19:39:40 2026 : [INF] Searching the parameter with <Name>Firmware binary input file</Name> element
Mon Aug 17 19:39:40 2026 : [INF] Parameter found. Verifying information of '<Value>/home/rajas/workspace/OEMiROT/OEMiROT_App/Binary/rot_tz_ns_app.bin</Value>'
Mon Aug 17 19:39:40 2026 : [INF] The modification is not necessary
Mon Aug 17 19:39:40 2026 : [INF] The tag <Value> has already the correct content (/home/rajas/workspace/OEMiROT/OEMiROT_App/Binary/rot_tz_ns_app.bin)
Mon Aug 17 19:39:40 2026 : [INF] ############## Executing xmlval command ##############
Mon Aug 17 19:39:40 2026 : [INF] /home/rajas/workspace/OEMiROT/ROT_Provisioning/..//Utilities/PC_Software/ROT_AppliConfig/AppliCfg.py xmlval -v /home/rajas/workspace/OEMiROT/OEMiROT_App/Binary/rot_tz_ns_app_enc_sign.hex --string -n Image output file /home/rajas/workspace/OEMiROT/ROT_Provisioning/OEMiROT/Images/OEMiROT_NS_Code_Image.xml --vb
Mon Aug 17 19:39:40 2026 : [INF] Value to be used /home/rajas/workspace/OEMiROT/OEMiROT_App/Binary/rot_tz_ns_app_enc_sign.hex
Mon Aug 17 19:39:40 2026 : [INF] Opening the '/home/rajas/workspace/OEMiROT/ROT_Provisioning/OEMiROT/Images/OEMiROT_NS_Code_Image.xml' file
Mon Aug 17 19:39:40 2026 : [INF] Searching the parameter with <Name>Image output file</Name> element
Mon Aug 17 19:39:40 2026 : [INF] Parameter found. Verifying information of '<Value>/home/rajas/workspace/OEMiROT/OEMiROT_App/Binary/rot_tz_ns_app_enc_sign.hex</Value>'
Mon Aug 17 19:39:40 2026 : [INF] The modification is not necessary
Mon Aug 17 19:39:40 2026 : [INF] The tag <Value> has already the correct content (/home/rajas/workspace/OEMiROT/OEMiROT_App/Binary/rot_tz_ns_app_enc_sign.hex)
[36m[01m      -------------------------------------------------------------------
[39;49m[36m[01m                       STM32 Trusted Package Creator v2.23.0                  
[39;49m[36m[01m      -------------------------------------------------------------------

[39;49m[90m-pb /home/rajas/workspace/OEMiROT/ROT_Provisioning/OEMiROT/Images/OEMiROT_NS_Code_Image.xml 
 
[39;49m[90mImage generated successfully 

[39;49mMon Aug 17 19:39:40 2026 : [INF] ############## Executing xmlval command ##############
Mon Aug 17 19:39:40 2026 : [INF] /home/rajas/workspace/OEMiROT/ROT_Provisioning/..//Utilities/PC_Software/ROT_AppliConfig/AppliCfg.py xmlval -v /home/rajas/workspace/OEMiROT/OEMiROT_App/Binary/rot_tz_ns_app.bin --string -n Firmware binary input file /home/rajas/workspace/OEMiROT/ROT_Provisioning/OEMiROT/Images/OEMiROT_NS_Code_Init_Image.xml --vb
Mon Aug 17 19:39:40 2026 : [INF] Value to be used /home/rajas/workspace/OEMiROT/OEMiROT_App/Binary/rot_tz_ns_app.bin
Mon Aug 17 19:39:40 2026 : [INF] Opening the '/home/rajas/workspace/OEMiROT/ROT_Provisioning/OEMiROT/Images/OEMiROT_NS_Code_Init_Image.xml' file
Mon Aug 17 19:39:40 2026 : [INF] Searching the parameter with <Name>Firmware binary input file</Name> element
Mon Aug 17 19:39:40 2026 : [INF] Parameter found. Verifying information of '<Value>/home/rajas/workspace/OEMiROT/OEMiROT_App/Binary/rot_tz_ns_app.bin</Value>'
Mon Aug 17 19:39:40 2026 : [INF] The modification is not necessary
Mon Aug 17 19:39:40 2026 : [INF] The tag <Value> has already the correct content (/home/rajas/workspace/OEMiROT/OEMiROT_App/Binary/rot_tz_ns_app.bin)
Mon Aug 17 19:39:40 2026 : [INF] ############## Executing xmlval command ##############
Mon Aug 17 19:39:40 2026 : [INF] /home/rajas/workspace/OEMiROT/ROT_Provisioning/..//Utilities/PC_Software/ROT_AppliConfig/AppliCfg.py xmlval -v /home/rajas/workspace/OEMiROT/OEMiROT_App/Binary/rot_tz_ns_app_init_sign.hex --string -n Image output file /home/rajas/workspace/OEMiROT/ROT_Provisioning/OEMiROT/Images/OEMiROT_NS_Code_Init_Image.xml --vb
Mon Aug 17 19:39:40 2026 : [INF] Value to be used /home/rajas/workspace/OEMiROT/OEMiROT_App/Binary/rot_tz_ns_app_init_sign.hex
Mon Aug 17 19:39:40 2026 : [INF] Opening the '/home/rajas/workspace/OEMiROT/ROT_Provisioning/OEMiROT/Images/OEMiROT_NS_Code_Init_Image.xml' file
Mon Aug 17 19:39:40 2026 : [INF] Searching the parameter with <Name>Image output file</Name> element
Mon Aug 17 19:39:40 2026 : [INF] Parameter found. Verifying information of '<Value>/home/rajas/workspace/OEMiROT/OEMiROT_App/Binary/rot_tz_ns_app_init_sign.hex</Value>'
Mon Aug 17 19:39:40 2026 : [INF] The modification is not necessary
Mon Aug 17 19:39:40 2026 : [INF] The tag <Value> has already the correct content (/home/rajas/workspace/OEMiROT/OEMiROT_App/Binary/rot_tz_ns_app_init_sign.hex)
[36m[01m      -------------------------------------------------------------------
[39;49m[36m[01m                       STM32 Trusted Package Creator v2.23.0                  
[39;49m[36m[01m      -------------------------------------------------------------------

[39;49m[90m-pb /home/rajas/workspace/OEMiROT/ROT_Provisioning/OEMiROT/Images/OEMiROT_NS_Code_Init_Image.xml 
 
[39;49m[90mImage generated successfully 

[39;49mMon Aug 17 19:39:41 2026 : [INF] ############## Executing xmlval command ##############
Mon Aug 17 19:39:41 2026 : [INF] /home/rajas/workspace/OEMiROT/ROT_Provisioning/..//Utilities/PC_Software/ROT_AppliConfig/AppliCfg.py xmlval -v /home/rajas/workspace/OEMiROT/ROT_Provisioning/OEMiROT/Binary/ns_data_enc_sign.hex --string -n Image output file /home/rajas/workspace/OEMiROT/ROT_Provisioning/OEMiROT/Images/OEMiROT_NS_Data_Image.xml --vb
Mon Aug 17 19:39:41 2026 : [INF] Value to be used /home/rajas/workspace/OEMiROT/ROT_Provisioning/OEMiROT/Binary/ns_data_enc_sign.hex
Mon Aug 17 19:39:41 2026 : [INF] Opening the '/home/rajas/workspace/OEMiROT/ROT_Provisioning/OEMiROT/Images/OEMiROT_NS_Data_Image.xml' file
Mon Aug 17 19:39:41 2026 : [INF] Searching the parameter with <Name>Image output file</Name> element
Mon Aug 17 19:39:41 2026 : [INF] Parameter found. Verifying information of '<Value>/home/rajas/workspace/OEMiROT/ROT_Provisioning/OEMiROT/Binary/ns_data_enc_sign.hex</Value>'
Mon Aug 17 19:39:41 2026 : [INF] The modification is not necessary
Mon Aug 17 19:39:41 2026 : [INF] The tag <Value> has already the correct content (/home/rajas/workspace/OEMiROT/ROT_Provisioning/OEMiROT/Binary/ns_data_enc_sign.hex)
Mon Aug 17 19:39:41 2026 : [INF] ############## Executing xmlval command ##############
Mon Aug 17 19:39:41 2026 : [INF] /home/rajas/workspace/OEMiROT/ROT_Provisioning/..//Utilities/PC_Software/ROT_AppliConfig/AppliCfg.py xmlval -v /home/rajas/workspace/OEMiROT/ROT_Provisioning/OEMiROT/Binary/ns_data_init_sign.hex --string -n Image output file /home/rajas/workspace/OEMiROT/ROT_Provisioning/OEMiROT/Images/OEMiROT_NS_Data_Init_Image.xml --vb
Mon Aug 17 19:39:41 2026 : [INF] Value to be used /home/rajas/workspace/OEMiROT/ROT_Provisioning/OEMiROT/Binary/ns_data_init_sign.hex
Mon Aug 17 19:39:41 2026 : [INF] Opening the '/home/rajas/workspace/OEMiROT/ROT_Provisioning/OEMiROT/Images/OEMiROT_NS_Data_Init_Image.xml' file
Mon Aug 17 19:39:41 2026 : [INF] Searching the parameter with <Name>Image output file</Name> element
Mon Aug 17 19:39:41 2026 : [INF] Parameter found. Verifying information of '<Value>/home/rajas/workspace/OEMiROT/ROT_Provisioning/OEMiROT/Binary/ns_data_init_sign.hex</Value>'
Mon Aug 17 19:39:41 2026 : [INF] The modification is not necessary
Mon Aug 17 19:39:41 2026 : [INF] The tag <Value> has already the correct content (/home/rajas/workspace/OEMiROT/ROT_Provisioning/OEMiROT/Binary/ns_data_init_sign.hex)
