Postbuild secure image
Creating secure image
[36m[01m      -------------------------------------------------------------------
[39;49m[36m[01m                       STM32 Trusted Package Creator v2.23.0                  
[39;49m[36m[01m      -------------------------------------------------------------------

[39;49m[90m-pb /home/rajas/workspace/OEMiROT/OEMiROT_Appli_TrustZone/Secure/Debug/../../ROT_Provisioning/OEMiROT/Images/OEMiROT_S_Code_Image.xml 
 
[39;49m[90mImage generated successfully 

[39;49mPostbuild secure image
Creating secure image
[36m[01m      -------------------------------------------------------------------
[39;49m[36m[01m                       STM32 Trusted Package Creator v2.23.0                  
[39;49m[36m[01m      -------------------------------------------------------------------

[39;49m[90m-pb /home/rajas/workspace/OEMiROT/OEMiROT_Appli_TrustZone/Secure/Debug/../../ROT_Provisioning/OEMiROT/Images/OEMiROT_S_Code_Image.xml 
 
[39;49m[90mImage generated successfully 

[39;49mPostbuild secure image
Creating secure image
[36m[01m      -------------------------------------------------------------------
[39;49m[36m[01m                       STM32 Trusted Package Creator v2.23.0                  
[39;49m[36m[01m      -------------------------------------------------------------------

[39;49m[90m-pb /home/rajas/workspace/OEMiROT/OEMiROT_Appli_TrustZone/Secure/Debug/../../ROT_Provisioning/OEMiROT/Images/OEMiROT_S_Code_Image.xml 
 
[39;49m[90mImage generated successfully 

[39;49mPostbuild nonsecure image
Creating nonsecure image
[36m[01m      -------------------------------------------------------------------
[39;49m[36m[01m                       STM32 Trusted Package Creator v2.23.0                  
[39;49m[36m[01m      -------------------------------------------------------------------

[39;49m[90m-pb /home/rajas/workspace/OEMiROT/OEMiROT_Appli_TrustZone/NonSecure/Debug/../../ROT_Provisioning/OEMiROT/Images/OEMiROT_NS_Code_Image.xml 
 
[39;49m[90mImage generated successfully 

[39;49mPostbuild secure image
Creating secure image
[36m[01m      -------------------------------------------------------------------
[39;49m[36m[01m                       STM32 Trusted Package Creator v2.23.0                  
[39;49m[36m[01m      -------------------------------------------------------------------

[39;49m[90m-pb /home/rajas/workspace/OEMiROT/OEMiROT_Appli_TrustZone/Secure/Debug/../../ROT_Provisioning/OEMiROT/Images/OEMiROT_S_Code_Image.xml 
 
[39;49m[90mImage generated successfully 

[39;49mPostbuild secure image
Creating secure image
[36m[01m      -------------------------------------------------------------------
[39;49m[36m[01m                       STM32 Trusted Package Creator v2.23.0                  
[39;49m[36m[01m      -------------------------------------------------------------------

[39;49m[90m-pb /home/rajas/workspace/OEMiROT/OEMiROT_Appli_TrustZone/Secure/Debug/../../ROT_Provisioning/OEMiROT/Images/OEMiROT_S_Code_Image.xml 
 
[39;49m[90mImage generated successfully 

[39;49mPostbuild secure image
Creating secure image
[36m[01m      -------------------------------------------------------------------
[39;49m[36m[01m                       STM32 Trusted Package Creator v2.23.0                  
[39;49m[36m[01m      -------------------------------------------------------------------

[39;49m[90m-pb /home/rajas/workspace/OEMiROT/OEMiROT_Appli_TrustZone/Secure/Debug/../../ROT_Provisioning/OEMiROT/Images/OEMiROT_S_Code_Image.xml 
 
[39;49m[90mImage generated successfully 

[39;49mPostbuild nonsecure image
Creating nonsecure image
[36m[01m      -------------------------------------------------------------------
[39;49m[36m[01m                       STM32 Trusted Package Creator v2.23.0                  
[39;49m[36m[01m      -------------------------------------------------------------------

[39;49m[90m-pb /home/rajas/workspace/OEMiROT/OEMiROT_Appli_TrustZone/NonSecure/Debug/../../ROT_Provisioning/OEMiROT/Images/OEMiROT_NS_Code_Image.xml 
 
[39;49m[90mImage generated successfully 

[39;49mPostbuild secure image
Creating secure image
[36m[01m      -------------------------------------------------------------------
[39;49m[36m[01m                       STM32 Trusted Package Creator v2.23.0                  
[39;49m[36m[01m      -------------------------------------------------------------------

[39;49m[90m-pb /home/rajas/workspace/OEMiROT/OEMiROT_Appli_TrustZone/Secure/Debug/../../ROT_Provisioning/OEMiROT/Images/OEMiROT_S_Code_Image.xml 
 
[39;49m[90mImage generated successfully 

[39;49mPostbuild secure image
Creating secure image
[36m[01m      -------------------------------------------------------------------
[39;49m[36m[01m                       STM32 Trusted Package Creator v2.23.0                  
[39;49m[36m[01m      -------------------------------------------------------------------

[39;49m[90m-pb /home/rajas/workspace/OEMiROT/OEMiROT_Appli_TrustZone/Secure/Debug/../../ROT_Provisioning/OEMiROT/Images/OEMiROT_S_Code_Image.xml 
 
[39;49m[90mImage generated successfully 

[39;49mPostbuild secure image
Creating secure image
[36m[01m      -------------------------------------------------------------------
[39;49m[36m[01m                       STM32 Trusted Package Creator v2.23.0                  
[39;49m[36m[01m      -------------------------------------------------------------------

[39;49m[90m-pb /home/rajas/workspace/OEMiROT/OEMiROT_Appli_TrustZone/Secure/Debug/../../ROT_Provisioning/OEMiROT/Images/OEMiROT_S_Code_Image.xml 
 
[39;49m[90mImage generated successfully 

[39;49mPostbuild nonsecure image
Creating nonsecure image
[36m[01m      -------------------------------------------------------------------
[39;49m[36m[01m                       STM32 Trusted Package Creator v2.23.0                  
[39;49m[36m[01m      -------------------------------------------------------------------

[39;49m[90m-pb /home/rajas/workspace/OEMiROT/OEMiROT_Appli_TrustZone/NonSecure/Debug/../../ROT_Provisioning/OEMiROT/Images/OEMiROT_NS_Code_Image.xml 
 
[39;49m[90mImage generated successfully 

[39;49mPostbuild secure image
Creating secure image
[36m[01m      -------------------------------------------------------------------
[39;49m[36m[01m                       STM32 Trusted Package Creator v2.23.0                  
[39;49m[36m[01m      -------------------------------------------------------------------

[39;49m[90m-pb /home/rajas/workspace/OEMiROT/OEMiROT_Appli_TrustZone/Secure/Debug/../../ROT_Provisioning/OEMiROT/Images/OEMiROT_S_Code_Image.xml 
 
[39;49m[90mImage generated successfully 

[39;49mPostbuild secure image
Creating secure image
[36m[01m      -------------------------------------------------------------------
[39;49m[36m[01m                       STM32 Trusted Package Creator v2.23.0                  
[39;49m[36m[01m      -------------------------------------------------------------------

[39;49m[90m-pb /home/rajas/workspace/OEMiROT/OEMiROT_Appli_TrustZone/Secure/Debug/../../ROT_Provisioning/OEMiROT/Images/OEMiROT_S_Code_Image.xml 
 
[39;49m[90mImage generated successfully 

[39;49mPostbuild secure image
Creating secure image
[36m[01m      -------------------------------------------------------------------
[39;49m[36m[01m                       STM32 Trusted Package Creator v2.23.0                  
[39;49m[36m[01m      -------------------------------------------------------------------

[39;49m[90m-pb /home/rajas/workspace/OEMiROT/OEMiROT_Appli_TrustZone/Secure/Debug/../../ROT_Provisioning/OEMiROT/Images/OEMiROT_S_Code_Image.xml 
 
[39;49m[90mImage generated successfully 

[39;49mPostbuild secure image
Creating secure image
[36m[01m      -------------------------------------------------------------------
[39;49m[36m[01m                       STM32 Trusted Package Creator v2.23.0                  
[39;49m[36m[01m      -------------------------------------------------------------------

[39;49m[90m-pb /home/rajas/workspace/OEMiROT/OEMiROT_Appli_TrustZone/Secure/Debug/../../ROT_Provisioning/OEMiROT/Images/OEMiROT_S_Code_Image.xml 
 
[39;49m[90mImage generated successfully 

[39;49mPostbuild nonsecure image
Creating nonsecure image
[36m[01m      -------------------------------------------------------------------
[39;49m[36m[01m                       STM32 Trusted Package Creator v2.23.0                  
[39;49m[36m[01m      -------------------------------------------------------------------

[39;49m[90m-pb /home/rajas/workspace/OEMiROT/OEMiROT_Appli_TrustZone/NonSecure/Debug/../../ROT_Provisioning/OEMiROT/Images/OEMiROT_NS_Code_Image.xml 
 
[39;49m[90mImage generated successfully 

[39;49m